<?xml version="1.0" encoding="UTF-8"?><rss version="2.0" xmlns:content="http://purl.org/rss/1.0/modules/content/">
  <channel>
    <title>&#34;Аэростат&#34;</title>
    <link>http://www.radiorus.ru/brand/57083/episodes</link>
    <description></description>
  </channel>
</rss>